
Circuit 1 cell sky130_fd_pr__nfet_01v8 and Circuit 2 cell sky130_fd_pr__nfet_01v8 are black boxes.
Equate elements:  no current cell.
Device classes sky130_fd_pr__nfet_01v8 and sky130_fd_pr__nfet_01v8 are equivalent.

Circuit 1 cell sky130_fd_pr__pfet_01v8 and Circuit 2 cell sky130_fd_pr__pfet_01v8 are black boxes.
Equate elements:  no current cell.
Device classes sky130_fd_pr__pfet_01v8 and sky130_fd_pr__pfet_01v8 are equivalent.

Subcircuit summary:
Circuit 1: inverter.spice                  |Circuit 2: testInverter.spice              
-------------------------------------------|-------------------------------------------
sky130_fd_pr__nfet_01v8 (1)                |sky130_fd_pr__nfet_01v8 (1)                
sky130_fd_pr__pfet_01v8 (1)                |sky130_fd_pr__pfet_01v8 (1)                
Number of devices: 2                       |Number of devices: 2                       
Number of nets: 4                          |Number of nets: 4                          
---------------------------------------------------------------------------------------
Netlists match uniquely with property errors.
sky130_fd_pr__pfet_01v8:1 vs. sky130_fd_pr__pfet_01v8:M1:
Property l in circuit1 has no matching property in circuit2
sky130_fd_pr__pfet_01v8:1 vs. sky130_fd_pr__pfet_01v8:M1:
Property w in circuit1 has no matching property in circuit2
sky130_fd_pr__pfet_01v8:1 vs. sky130_fd_pr__pfet_01v8:M1:
Property m in circuit2 has no matching property in circuit1
sky130_fd_pr__pfet_01v8:1 vs. sky130_fd_pr__pfet_01v8:M1:
Property W in circuit2 has no matching property in circuit1
sky130_fd_pr__pfet_01v8:1 vs. sky130_fd_pr__pfet_01v8:M1:
Property L in circuit2 has no matching property in circuit1
sky130_fd_pr__nfet_01v8:0 vs. sky130_fd_pr__nfet_01v8:M2:
Property l in circuit1 has no matching property in circuit2
sky130_fd_pr__nfet_01v8:0 vs. sky130_fd_pr__nfet_01v8:M2:
Property w in circuit1 has no matching property in circuit2
sky130_fd_pr__nfet_01v8:0 vs. sky130_fd_pr__nfet_01v8:M2:
Property m in circuit2 has no matching property in circuit1
sky130_fd_pr__nfet_01v8:0 vs. sky130_fd_pr__nfet_01v8:M2:
Property W in circuit2 has no matching property in circuit1
sky130_fd_pr__nfet_01v8:0 vs. sky130_fd_pr__nfet_01v8:M2:
Property L in circuit2 has no matching property in circuit1
Cells have no pins;  pin matching not needed.
Device classes inverter.spice and testInverter.spice are equivalent.

Final result: Circuits match uniquely.
Property errors were found.

The following cells had property errors:
 inverter.spice
